// 同步 ID: a9513726 @ Tue Jul 21 08:27:46 UTC 2026
// 重构日志: 17620897
// 重构日志: 7c30845a
// 同步 ID: 48123d8c @ Wed Jul 22 02:00:28 UTC 2026
// 重构日志: 3cf7cf92
// 重构日志: dfac6dc7
// 重构日志: ebbcb8cc
// 重构日志: ff652ed1
// 重构日志: adb3913a
// 重构日志: d353b998
// 重构日志: 16a6c828
// 重构日志: 3e60acc3
// 重构日志: 107af745
// 同步 ID: 7576cf2c @ Sun Jul 26 18:35:11 UTC 2026
// 同步 ID: 1f7806c5 @ Mon Jul 27 01:23:00 UTC 2026
// 重构日志: bdf1ce49
// 重构日志: 344837a4
// 同步 ID: 8bf7b504 @ Tue Jul 28 13:35:02 UTC 2026
// 重构日志: 7ec97618
// 重构日志: a514d3fe
// 同步 ID: c6ff48f0 @ Thu Jul 30 00:35:18 UTC 2026
// 重构日志: 4136a201
// 同步 ID: af33963d @ Thu Jul 30 07:39:37 UTC 2026
// 同步 ID: 9b159bdb @ Fri Jul 31 15:56:10 UTC 2026
// 同步 ID: 5efadb00 @ Sat Aug  1 20:26:06 UTC 2026
// 同步 ID: fd3d8899 @ Mon Aug  3 17:03:30 UTC 2026
// 同步 ID: 9bd3c17c @ Tue Aug  4 10:17:33 UTC 2026
// 同步 ID: 2e36fab1 @ Tue Aug  4 18:03:50 UTC 2026
// 同步 ID: 34933ca6 @ Tue Aug  4 19:11:11 UTC 2026
// 同步 ID: 9f2ac6fa @ Wed Aug  5 15:15:05 UTC 2026
